---
source: mlt-nom/tests/snapshots.rs
---
[
    Tag01(
        RawFeatureTable {
            name: "layer",
            extent: 4096,
            id: Raw(
                RawId {
                    optional: None,
                    value: Id(
                        Stream {
                            meta: StreamMeta {
                                physical_type: Data(
                                    None,
                                ),
                                num_values: 1,
                                logical_decoder: None,
                                physical_decoder: VarInt,
                            },
                            data: VarInt(
                                [0x01; 1],
                            ),
                        },
                    ),
                },
            ),
            geometry: Raw(
                RawGeometry {
                    meta: Stream {
                        meta: StreamMeta {
                            physical_type: Length(
                                VarBinary,
                            ),
                            num_values: 1,
                            logical_decoder: None,
                            physical_decoder: VarInt,
                        },
                        data: VarInt(
                            [0x01; 1],
                        ),
                    },
                    items: [
                        Stream {
                            meta: StreamMeta {
                                physical_type: Length(
                                    Parts,
                                ),
                                num_values: 1,
                                logical_decoder: None,
                                physical_decoder: VarInt,
                            },
                            data: VarInt(
                                [0x03; 1],
                            ),
                        },
                        Stream {
                            meta: StreamMeta {
                                physical_type: Data(
                                    Vertex,
                                ),
                                num_values: 6,
                                logical_decoder: ComponentwiseDelta,
                                physical_decoder: VarInt,
                            },
                            data: VarInt(
                                [0x040400101000; 6],
                            ),
                        },
                    ],
                },
            ),
            properties: [
                Raw(
                    RawProperty {
                        name: "key",
                        optional: Some(
                            Stream {
                                meta: StreamMeta {
                                    physical_type: Present,
                                    num_values: 1,
                                    logical_decoder: Rle(
                                        RleMeta {
                                            runs: 1,
                                            num_rle_values: 2,
                                        },
                                    ),
                                    physical_decoder: None,
                                },
                                data: Raw(
                                    [0xFF01; 2],
                                ),
                            },
                        ),
                        value: Bool(
                            Stream {
                                meta: StreamMeta {
                                    physical_type: Data(
                                        None,
                                    ),
                                    num_values: 1,
                                    logical_decoder: Rle(
                                        RleMeta {
                                            runs: 1,
                                            num_rle_values: 2,
                                        },
                                    ),
                                    physical_decoder: None,
                                },
                                data: Raw(
                                    [0xFF01; 2],
                                ),
                            },
                        ),
                    },
                ),
            ],
        },
    ),
]
